2025-08-29 20:47:36,210 | INFO | app.bot.main | Starting SpamBlock check
2025-08-29 20:47:36,437 | INFO | app.bot.main | Sent /start message to SpamBot
2025-08-29 20:47:36,556 | INFO | app.bot.main | SpamBot response: I’m afraid some Telegram users found your messages annoying and forwarded them to our team of moderators for inspection. The moderators have confirmed the report and your account is now limited until 1 Sep 2025, 07:23 UTC.

While the account is limited, you will not be able to do certain things on Telegram, like writing to strangers who haven’t contacted you first or adding them to groups and channels.

Your account will be automatically released on 1 Sep 2025, 07:23 UTC. Please note that if you repeat what got you limited and users report you again, the limitations will last longer next time. Subscribers of Telegram Premium have reduced times for initial limitations.
2025-08-29 20:49:03,475 | INFO | app.bot.main | Starting SpamBlock check
2025-08-29 20:49:03,720 | INFO | app.bot.main | Sent /start message to SpamBot
2025-08-29 20:49:03,802 | INFO | app.bot.main | SpamBot response: I’m afraid some Telegram users found your messages annoying and forwarded them to our team of moderators for inspection. The moderators have confirmed the report and your account is now limited until 1 Sep 2025, 07:23 UTC.

While the account is limited, you will not be able to do certain things on Telegram, like writing to strangers who haven’t contacted you first or adding them to groups and channels.

Your account will be automatically released on 1 Sep 2025, 07:23 UTC. Please note that if you repeat what got you limited and users report you again, the limitations will last longer next time. Subscribers of Telegram Premium have reduced times for initial limitations.
2025-08-29 20:50:18,699 | INFO | app.bot.main | Starting SpamBlock check
2025-08-29 20:50:18,925 | INFO | app.bot.main | Sent /start message to SpamBot
2025-08-29 20:50:19,037 | INFO | app.bot.main | SpamBot response: I’m afraid some Telegram users found your messages annoying and forwarded them to our team of moderators for inspection. The moderators have confirmed the report and your account is now limited until 1 Sep 2025, 07:23 UTC.

While the account is limited, you will not be able to do certain things on Telegram, like writing to strangers who haven’t contacted you first or adding them to groups and channels.

Your account will be automatically released on 1 Sep 2025, 07:23 UTC. Please note that if you repeat what got you limited and users report you again, the limitations will last longer next time. Subscribers of Telegram Premium have reduced times for initial limitations.
2025-08-29 20:56:07,862 | INFO | app.bot.main | Starting SpamBlock check
2025-08-29 20:56:08,092 | INFO | app.bot.main | Sent /start message to SpamBot
2025-08-29 20:56:08,178 | INFO | app.bot.main | SpamBot response: I’m afraid some Telegram users found your messages annoying and forwarded them to our team of moderators for inspection. The moderators have confirmed the report and your account is now limited until 1 Sep 2025, 07:23 UTC.

While the account is limited, you will not be able to do certain things on Telegram, like writing to strangers who haven’t contacted you first or adding them to groups and channels.

Your account will be automatically released on 1 Sep 2025, 07:23 UTC. Please note that if you repeat what got you limited and users report you again, the limitations will last longer next time. Subscribers of Telegram Premium have reduced times for initial limitations.
